; NOTE: Assertions have been autogenerated by utils/update_llc_test_checks.py
; RUN: llc -mtriple=%triple < %s | FileCheck %s

define i64 @i64_test(i64 %i) nounwind readnone {
; CHECK-LABEL: i64_test:
; CHECK:       # %bb.0:
; CHECK-NEXT:    movq %rdi, %rax
; CHECK-NEXT:    retq
  ret i64 %i
}
