# NOTE: Assertions have been autogenerated by utils/update_mir_test_checks.py
# RUN: llc -mtriple=%triple -run-pass=none -o - %s | FileCheck %s

---
name:            test
body:             |
  bb.1:
    ; CHECK-LABEL: name: test
    ; CHECK: RET 0, implicit $eax
    RET 0, implicit $eax
...
