// NOTE: Assertions have been autogenerated by utils/update_cc_test_checks.py
// RUN: %clang_cc1 %s %ccflags -o - | FileCheck %s

// CHECK-LABEL: @foo(
// CHECK-NEXT:  entry:
// CHECK-NEXT:    ret i32 0
//
int foo() {
  return 0;
}
